// Jest Snapshot v1, https://goo.gl/fbAQLP

exports[`accessibility tree 1`] = `
Object {
  "children": Array [
    Object {
      "name": "Black Lives Matter",
      "role": "StaticText",
    },
    Object {
      "name": "Support the Equal Justice Initiative",
      "role": "link",
    },
    Object {
      "name": "Go",
      "role": "link",
    },
    Object {
      "name": "Why Go",
      "role": "link",
    },
    Object {
      "name": "Get Started",
      "role": "link",
    },
    Object {
      "name": "Docs",
      "role": "link",
    },
    Object {
      "name": "Packages",
      "role": "link",
    },
    Object {
      "name": "Play",
      "role": "link",
    },
    Object {
      "name": "Blog",
      "role": "link",
    },
    Object {
      "name": "Search for a package",
      "role": "searchbox",
      "value": "http",
    },
    Object {
      "name": "Submit search",
      "role": "button",
    },
    Object {
      "name": "/",
      "role": "StaticText",
    },
    Object {
      "name": "Packages",
      "role": "link",
    },
    Object {
      "name": "Symbols",
      "role": "link",
    },
    Object {
      "name": "Showing",
      "role": "StaticText",
    },
    Object {
      "name": "25",
      "role": "StaticText",
    },
    Object {
      "name": "modules with matching packages.",
      "role": "StaticText",
    },
    Object {
      "name": "Search help",
      "role": "link",
    },
    Object {
      "name": "net/http/pprof",
      "role": "link",
    },
    Object {
      "name": "standard library",
      "role": "StaticText",
    },
    Object {
      "name": "Package pprof serves via its HTTP server runtime profiling data in the format expected by the pprof visualization tool.",
      "role": "StaticText",
    },
    Object {
      "name": "Go to Imported By",
      "role": "link",
    },
    Object {
      "name": "|",
      "role": "StaticText",
    },
    Object {
      "name": "go1.17",
      "role": "StaticText",
    },
    Object {
      "name": "published on",
      "role": "StaticText",
    },
    Object {
      "name": "Apr 1, 2021",
      "role": "StaticText",
    },
    Object {
      "name": "|",
      "role": "StaticText",
    },
    Object {
      "name": "BSD-3-Clause",
      "role": "StaticText",
    },
    Object {
      "name": "Related packages in the standard library:",
      "role": "StaticText",
    },
    Object {
      "name": "net/http/httputil",
      "role": "link",
    },
    Object {
      "name": "net/http/pprof",
      "role": "link",
    },
    Object {
      "name": "net/http/httptest",
      "role": "link",
    },
    Object {
      "name": "net/textproto",
      "role": "link",
    },
    Object {
      "name": "net/http/httptrace",
      "role": "link",
    },
    Object {
      "name": "+3 more",
      "role": "link",
    },
    Object {
      "name": "net/http/pprof",
      "role": "link",
    },
    Object {
      "name": "Package pprof serves via its HTTP server runtime profiling data in the format expected by the pprof visualization tool.",
      "role": "StaticText",
    },
    Object {
      "name": "Go to Imported By",
      "role": "link",
    },
    Object {
      "name": "|",
      "role": "StaticText",
    },
    Object {
      "name": "v0.11.22",
      "role": "StaticText",
    },
    Object {
      "name": "published on",
      "role": "StaticText",
    },
    Object {
      "name": "Apr 1, 2021",
      "role": "StaticText",
    },
    Object {
      "name": "|",
      "role": "StaticText",
    },
    Object {
      "name": "BSD-3-Clause",
      "role": "StaticText",
    },
    Object {
      "name": "net/http/pprof",
      "role": "link",
    },
    Object {
      "name": "Package pprof serves via its HTTP server runtime profiling data in the format expected by the pprof visualization tool.",
      "role": "StaticText",
    },
    Object {
      "name": "Go to Imported By",
      "role": "link",
    },
    Object {
      "name": "|",
      "role": "StaticText",
    },
    Object {
      "name": "v1.7.4",
      "role": "StaticText",
    },
    Object {
      "name": "published on",
      "role": "StaticText",
    },
    Object {
      "name": "Apr 1, 2021",
      "role": "StaticText",
    },
    Object {
      "name": "|",
      "role": "StaticText",
    },
    Object {
      "name": "BSD-3-Clause",
      "role": "StaticText",
    },
    Object {
      "name": "net/http/pprof",
      "role": "link",
    },
    Object {
      "name": "Package pprof serves via its HTTP server runtime profiling data in the format expected by the pprof visualization tool.",
      "role": "StaticText",
    },
    Object {
      "name": "Go to Imported By",
      "role": "link",
    },
    Object {
      "name": "|",
      "role": "StaticText",
    },
    Object {
      "name": "v0.12.0",
      "role": "StaticText",
    },
    Object {
      "name": "published on",
      "role": "StaticText",
    },
    Object {
      "name": "Apr 1, 2021",
      "role": "StaticText",
    },
    Object {
      "name": "|",
      "role": "StaticText",
    },
    Object {
      "name": "BSD-3-Clause",
      "role": "StaticText",
    },
    Object {
      "name": "net/http/pprof",
      "role": "link",
    },
    Object {
      "name": "Package pprof serves via its HTTP server runtime profiling data in the format expected by the pprof visualization tool.",
      "role": "StaticText",
    },
    Object {
      "name": "Go to Imported By",
      "role": "link",
    },
    Object {
      "name": "|",
      "role": "StaticText",
    },
    Object {
      "name": "v0.0.0-...-ba495a6",
      "role": "StaticText",
    },
    Object {
      "name": "published on",
      "role": "StaticText",
    },
    Object {
      "name": "Apr 1, 2021",
      "role": "StaticText",
    },
    Object {
      "name": "|",
      "role": "StaticText",
    },
    Object {
      "name": "BSD-3-Clause",
      "role": "StaticText",
    },
    Object {
      "name": "Other packages in module golang.org/x/oauth2:",
      "role": "StaticText",
    },
    Object {
      "name": "google",
      "role": "link",
    },
    Object {
      "name": "net/http/pprof",
      "role": "link",
    },
    Object {
      "name": "Package pprof serves via its HTTP server runtime profiling data in the format expected by the pprof visualization tool.",
      "role": "StaticText",
    },
    Object {
      "name": "Go to Imported By",
      "role": "link",
    },
    Object {
      "name": "|",
      "role": "StaticText",
    },
    Object {
      "name": "v1.3.0",
      "role": "StaticText",
    },
    Object {
      "name": "published on",
      "role": "StaticText",
    },
    Object {
      "name": "Apr 1, 2021",
      "role": "StaticText",
    },
    Object {
      "name": "|",
      "role": "StaticText",
    },
    Object {
      "name": "BSD-3-Clause",
      "role": "StaticText",
    },
    Object {
      "name": "net/http/pprof",
      "role": "link",
    },
    Object {
      "name": "Package pprof serves via its HTTP server runtime profiling data in the format expected by the pprof visualization tool.",
      "role": "StaticText",
    },
    Object {
      "name": "Go to Imported By",
      "role": "link",
    },
    Object {
      "name": "|",
      "role": "StaticText",
    },
    Object {
      "name": "v0.0.0-...-7594919",
      "role": "StaticText",
    },
    Object {
      "name": "published on",
      "role": "StaticText",
    },
    Object {
      "name": "Apr 1, 2021",
      "role": "StaticText",
    },
    Object {
      "name": "|",
      "role": "StaticText",
    },
    Object {
      "name": "BSD-3-Clause",
      "role": "StaticText",
    },
    Object {
      "name": "Other packages in module golang.org/x/net:",
      "role": "StaticText",
    },
    Object {
      "name": "http/httpguts",
      "role": "link",
    },
    Object {
      "name": "http2/hpack",
      "role": "link",
    },
    Object {
      "name": "http/httpproxy",
      "role": "link",
    },
    Object {
      "name": "net/http/pprof",
      "role": "link",
    },
    Object {
      "name": "Package pprof serves via its HTTP server runtime profiling data in the format expected by the pprof visualization tool.",
      "role": "StaticText",
    },
    Object {
      "name": "Go to Imported By",
      "role": "link",
    },
    Object {
      "name": "|",
      "role": "StaticText",
    },
    Object {
      "name": "v1.11.0",
      "role": "StaticText",
    },
    Object {
      "name": "published on",
      "role": "StaticText",
    },
    Object {
      "name": "Apr 1, 2021",
      "role": "StaticText",
    },
    Object {
      "name": "|",
      "role": "StaticText",
    },
    Object {
      "name": "BSD-3-Clause",
      "role": "StaticText",
    },
    Object {
      "name": "Other packages in module github.com/prometheus/client_golang:",
      "role": "StaticText",
    },
    Object {
      "name": "api/prometheus/v1",
      "role": "link",
    },
    Object {
      "name": "api",
      "role": "link",
    },
    Object {
      "name": "net/http/pprof",
      "role": "link",
    },
    Object {
      "name": "Package pprof serves via its HTTP server runtime profiling data in the format expected by the pprof visualization tool.",
      "role": "StaticText",
    },
    Object {
      "name": "Go to Imported By",
      "role": "link",
    },
    Object {
      "name": "|",
      "role": "StaticText",
    },
    Object {
      "name": "v0.60.0",
      "role": "StaticText",
    },
    Object {
      "name": "published on",
      "role": "StaticText",
    },
    Object {
      "name": "Apr 1, 2021",
      "role": "StaticText",
    },
    Object {
      "name": "|",
      "role": "StaticText",
    },
    Object {
      "name": "BSD-3-Clause",
      "role": "StaticText",
    },
    Object {
      "name": "Other packages in module google.golang.org/api:",
      "role": "StaticText",
    },
    Object {
      "name": "transport",
      "role": "link",
    },
    Object {
      "name": "net/http/pprof",
      "role": "link",
    },
    Object {
      "name": "Package pprof serves via its HTTP server runtime profiling data in the format expected by the pprof visualization tool.",
      "role": "StaticText",
    },
    Object {
      "name": "Go to Imported By",
      "role": "link",
    },
    Object {
      "name": "|",
      "role": "StaticText",
    },
    Object {
      "name": "v1.5.1",
      "role": "StaticText",
    },
    Object {
      "name": "published on",
      "role": "StaticText",
    },
    Object {
      "name": "Apr 1, 2021",
      "role": "StaticText",
    },
    Object {
      "name": "|",
      "role": "StaticText",
    },
    Object {
      "name": "BSD-3-Clause",
      "role": "StaticText",
    },
    Object {
      "name": "net/http/pprof",
      "role": "link",
    },
    Object {
      "name": "Package pprof serves via its HTTP server runtime profiling data in the format expected by the pprof visualization tool.",
      "role": "StaticText",
    },
    Object {
      "name": "Go to Imported By",
      "role": "link",
    },
    Object {
      "name": "|",
      "role": "StaticText",
    },
    Object {
      "name": "v5.0.5",
      "role": "StaticText",
    },
    Object {
      "name": "published on",
      "role": "StaticText",
    },
    Object {
      "name": "Apr 1, 2021",
      "role": "StaticText",
    },
    Object {
      "name": "|",
      "role": "StaticText",
    },
    Object {
      "name": "BSD-3-Clause",
      "role": "StaticText",
    },
    Object {
      "name": "Other major versions:",
      "role": "StaticText",
    },
    Object {
      "name": "v1",
      "role": "link",
    },
    Object {
      "name": "net/http/pprof",
      "role": "link",
    },
    Object {
      "name": "Package pprof serves via its HTTP server runtime profiling data in the format expected by the pprof visualization tool.",
      "role": "StaticText",
    },
    Object {
      "name": "Go to Imported By",
      "role": "link",
    },
    Object {
      "name": "|",
      "role": "StaticText",
    },
    Object {
      "name": "v1.31.0",
      "role": "StaticText",
    },
    Object {
      "name": "published on",
      "role": "StaticText",
    },
    Object {
      "name": "Apr 1, 2021",
      "role": "StaticText",
    },
    Object {
      "name": "|",
      "role": "StaticText",
    },
    Object {
      "name": "BSD-3-Clause",
      "role": "StaticText",
    },
    Object {
      "name": "net/http/pprof",
      "role": "link",
    },
    Object {
      "name": "Package pprof serves via its HTTP server runtime profiling data in the format expected by the pprof visualization tool.",
      "role": "StaticText",
    },
    Object {
      "name": "Go to Imported By",
      "role": "link",
    },
    Object {
      "name": "|",
      "role": "StaticText",
    },
    Object {
      "name": "v0.3.0",
      "role": "StaticText",
    },
    Object {
      "name": "published on",
      "role": "StaticText",
    },
    Object {
      "name": "Apr 1, 2021",
      "role": "StaticText",
    },
    Object {
      "name": "|",
      "role": "StaticText",
    },
    Object {
      "name": "BSD-3-Clause",
      "role": "StaticText",
    },
    Object {
      "name": "net/http/pprof",
      "role": "link",
    },
    Object {
      "name": "Package pprof serves via its HTTP server runtime profiling data in the format expected by the pprof visualization tool.",
      "role": "StaticText",
    },
    Object {
      "name": "Go to Imported By",
      "role": "link",
    },
    Object {
      "name": "|",
      "role": "StaticText",
    },
    Object {
      "name": "v1.9.0",
      "role": "StaticText",
    },
    Object {
      "name": "published on",
      "role": "StaticText",
    },
    Object {
      "name": "Apr 1, 2021",
      "role": "StaticText",
    },
    Object {
      "name": "|",
      "role": "StaticText",
    },
    Object {
      "name": "BSD-3-Clause",
      "role": "StaticText",
    },
    Object {
      "name": "net/http/pprof",
      "role": "link",
    },
    Object {
      "name": "Package pprof serves via its HTTP server runtime profiling data in the format expected by the pprof visualization tool.",
      "role": "StaticText",
    },
    Object {
      "name": "Go to Imported By",
      "role": "link",
    },
    Object {
      "name": "|",
      "role": "StaticText",
    },
    Object {
      "name": "v4.13.1",
      "role": "StaticText",
    },
    Object {
      "name": "published on",
      "role": "StaticText",
    },
    Object {
      "name": "Apr 1, 2021",
      "role": "StaticText",
    },
    Object {
      "name": "|",
      "role": "StaticText",
    },
    Object {
      "name": "BSD-3-Clause",
      "role": "StaticText",
    },
    Object {
      "name": "Other major versions:",
      "role": "StaticText",
    },
    Object {
      "name": "v3",
      "role": "link",
    },
    Object {
      "name": "net/http/pprof",
      "role": "link",
    },
    Object {
      "name": "Package pprof serves via its HTTP server runtime profiling data in the format expected by the pprof visualization tool.",
      "role": "StaticText",
    },
    Object {
      "name": "Go to Imported By",
      "role": "link",
    },
    Object {
      "name": "|",
      "role": "StaticText",
    },
    Object {
      "name": "v0.22.3",
      "role": "StaticText",
    },
    Object {
      "name": "published on",
      "role": "StaticText",
    },
    Object {
      "name": "Apr 1, 2021",
      "role": "StaticText",
    },
    Object {
      "name": "|",
      "role": "StaticText",
    },
    Object {
      "name": "BSD-3-Clause",
      "role": "StaticText",
    },
    Object {
      "name": "Other packages in module k8s.io/apiserver:",
      "role": "StaticText",
    },
    Object {
      "name": "pkg/server/healthz",
      "role": "link",
    },
    Object {
      "name": "net/http/pprof",
      "role": "link",
    },
    Object {
      "name": "Package pprof serves via its HTTP server runtime profiling data in the format expected by the pprof visualization tool.",
      "role": "StaticText",
    },
    Object {
      "name": "Go to Imported By",
      "role": "link",
    },
    Object {
      "name": "|",
      "role": "StaticText",
    },
    Object {
      "name": "v3.5.2",
      "role": "StaticText",
    },
    Object {
      "name": "published on",
      "role": "StaticText",
    },
    Object {
      "name": "Apr 1, 2021",
      "role": "StaticText",
    },
    Object {
      "name": "|",
      "role": "StaticText",
    },
    Object {
      "name": "BSD-3-Clause",
      "role": "StaticText",
    },
    Object {
      "name": "Other major versions:",
      "role": "StaticText",
    },
    Object {
      "name": "v1",
      "role": "link",
    },
    Object {
      "name": "net/http/pprof",
      "role": "link",
    },
    Object {
      "name": "Go to Imported By",
      "role": "link",
    },
    Object {
      "name": "|",
      "role": "StaticText",
    },
    Object {
      "name": "v0.3.1",
      "role": "StaticText",
    },
    Object {
      "name": "published on",
      "role": "StaticText",
    },
    Object {
      "name": "Apr 1, 2021",
      "role": "StaticText",
    },
    Object {
      "name": "|",
      "role": "StaticText",
    },
    Object {
      "name": "BSD-3-Clause",
      "role": "StaticText",
    },
    Object {
      "name": "net/http/pprof",
      "role": "link",
    },
    Object {
      "name": "Go to Imported By",
      "role": "link",
    },
    Object {
      "name": "|",
      "role": "StaticText",
    },
    Object {
      "name": "v1.0.287",
      "role": "StaticText",
    },
    Object {
      "name": "published on",
      "role": "StaticText",
    },
    Object {
      "name": "Apr 1, 2021",
      "role": "StaticText",
    },
    Object {
      "name": "|",
      "role": "StaticText",
    },
    Object {
      "name": "BSD-3-Clause",
      "role": "StaticText",
    },
    Object {
      "name": "net/http/pprof",
      "role": "link",
    },
    Object {
      "name": "Package pprof serves via its HTTP server runtime profiling data in the format expected by the pprof visualization tool.",
      "role": "StaticText",
    },
    Object {
      "name": "Go to Imported By",
      "role": "link",
    },
    Object {
      "name": "|",
      "role": "StaticText",
    },
    Object {
      "name": "v0.4.0",
      "role": "StaticText",
    },
    Object {
      "name": "published on",
      "role": "StaticText",
    },
    Object {
      "name": "Apr 1, 2021",
      "role": "StaticText",
    },
    Object {
      "name": "|",
      "role": "StaticText",
    },
    Object {
      "name": "BSD-3-Clause",
      "role": "StaticText",
    },
    Object {
      "name": "net/http/pprof",
      "role": "link",
    },
    Object {
      "name": "Package pprof serves via its HTTP server runtime profiling data in the format expected by the pprof visualization tool.",
      "role": "StaticText",
    },
    Object {
      "name": "Go to Imported By",
      "role": "link",
    },
    Object {
      "name": "|",
      "role": "StaticText",
    },
    Object {
      "name": "v2.7.0",
      "role": "StaticText",
    },
    Object {
      "name": "published on",
      "role": "StaticText",
    },
    Object {
      "name": "Apr 1, 2021",
      "role": "StaticText",
    },
    Object {
      "name": "|",
      "role": "StaticText",
    },
    Object {
      "name": "BSD-3-Clause",
      "role": "StaticText",
    },
    Object {
      "name": "net/http/pprof",
      "role": "link",
    },
    Object {
      "name": "Package pprof serves via its HTTP server runtime profiling data in the format expected by the pprof visualization tool.",
      "role": "StaticText",
    },
    Object {
      "name": "Go to Imported By",
      "role": "link",
    },
    Object {
      "name": "|",
      "role": "StaticText",
    },
    Object {
      "name": "v0.1.7",
      "role": "StaticText",
    },
    Object {
      "name": "published on",
      "role": "StaticText",
    },
    Object {
      "name": "Apr 1, 2021",
      "role": "StaticText",
    },
    Object {
      "name": "|",
      "role": "StaticText",
    },
    Object {
      "name": "BSD-3-Clause",
      "role": "StaticText",
    },
    Object {
      "name": "net/http/pprof",
      "role": "link",
    },
    Object {
      "name": "Package pprof serves via its HTTP server runtime profiling data in the format expected by the pprof visualization tool.",
      "role": "StaticText",
    },
    Object {
      "name": "Go to Imported By",
      "role": "link",
    },
    Object {
      "name": "|",
      "role": "StaticText",
    },
    Object {
      "name": "v5.4.2",
      "role": "StaticText",
    },
    Object {
      "name": "published on",
      "role": "StaticText",
    },
    Object {
      "name": "Apr 1, 2021",
      "role": "StaticText",
    },
    Object {
      "name": "|",
      "role": "StaticText",
    },
    Object {
      "name": "BSD-3-Clause",
      "role": "StaticText",
    },
    Object {
      "name": "net/http/pprof",
      "role": "link",
    },
    Object {
      "name": "Package pprof serves via its HTTP server runtime profiling data in the format expected by the pprof visualization tool.",
      "role": "StaticText",
    },
    Object {
      "name": "Go to Imported By",
      "role": "link",
    },
    Object {
      "name": "|",
      "role": "StaticText",
    },
    Object {
      "name": "v2.7.1+incompatible",
      "role": "StaticText",
    },
    Object {
      "name": "published on",
      "role": "StaticText",
    },
    Object {
      "name": "Apr 1, 2021",
      "role": "StaticText",
    },
    Object {
      "name": "|",
      "role": "StaticText",
    },
    Object {
      "name": "BSD-3-Clause",
      "role": "StaticText",
    },
    Object {
      "name": "Other packages in module github.com/docker/distribution:",
      "role": "StaticText",
    },
    Object {
      "name": "registry/api/v2",
      "role": "link",
    },
    Object {
      "name": "net/http/pprof",
      "role": "link",
    },
    Object {
      "name": "Package pprof serves via its HTTP server runtime profiling data in the format expected by the pprof visualization tool.",
      "role": "StaticText",
    },
    Object {
      "name": "Go to Imported By",
      "role": "link",
    },
    Object {
      "name": "|",
      "role": "StaticText",
    },
    Object {
      "name": "v1.2.0",
      "role": "StaticText",
    },
    Object {
      "name": "published on",
      "role": "StaticText",
    },
    Object {
      "name": "Apr 1, 2021",
      "role": "StaticText",
    },
    Object {
      "name": "|",
      "role": "StaticText",
    },
    Object {
      "name": "BSD-3-Clause",
      "role": "StaticText",
    },
    Object {
      "name": "Didn't find what you were looking for?",
      "role": "StaticText",
    },
    Object {
      "name": "Show more results.",
      "role": "link",
    },
    Object {
      "name": "Why Go",
      "role": "link",
    },
    Object {
      "name": "Use Cases",
      "role": "link",
    },
    Object {
      "name": "Case Studies",
      "role": "link",
    },
    Object {
      "name": "Get Started",
      "role": "link",
    },
    Object {
      "name": "Playground",
      "role": "link",
    },
    Object {
      "name": "Tour",
      "role": "link",
    },
    Object {
      "name": "Stack Overflow",
      "role": "link",
    },
    Object {
      "name": "Packages",
      "role": "link",
    },
    Object {
      "name": "About",
      "role": "link",
    },
    Object {
      "name": "Download",
      "role": "link",
    },
    Object {
      "name": "Blog",
      "role": "link",
    },
    Object {
      "name": "Issue Tracker",
      "role": "link",
    },
    Object {
      "name": "Release Notes",
      "role": "link",
    },
    Object {
      "name": "Brand Guidelines",
      "role": "link",
    },
    Object {
      "name": "Code of Conduct",
      "role": "link",
    },
    Object {
      "name": "Connect",
      "role": "link",
    },
    Object {
      "name": "Twitter",
      "role": "link",
    },
    Object {
      "name": "GitHub",
      "role": "link",
    },
    Object {
      "name": "Slack",
      "role": "link",
    },
    Object {
      "name": "Reddit",
      "role": "link",
    },
    Object {
      "name": "Meetup",
      "role": "link",
    },
    Object {
      "name": "Golang Weekly",
      "role": "link",
    },
    Object {
      "name": "Gopher in flight goggles",
      "role": "img",
    },
    Object {
      "name": "Copyright",
      "role": "link",
    },
    Object {
      "name": "Terms of Service",
      "role": "link",
    },
    Object {
      "name": "Privacy Policy",
      "role": "link",
    },
    Object {
      "name": "Report an Issue",
      "role": "link",
    },
    Object {
      "name": "golang.org",
      "role": "link",
    },
    Object {
      "name": "Toggle theme",
      "role": "button",
    },
    Object {
      "name": "Open shorcuts modal",
      "role": "button",
    },
    Object {
      "name": "Google logo",
      "role": "link",
    },
    Object {
      "name": "Jump to Identifier",
      "role": "form",
    },
  ],
  "name": "http - Search Results - pkg.go.dev",
  "role": "RootWebArea",
}
`;
